******************************************************************************
                  TI ARM Linker PC v18.12.1                    
******************************************************************************
>> Linked Sat Nov 23 13:58:06 2019

OUTPUT FILE NAME:   <jogo_final.out>
ENTRY POINT SYMBOL: "_c_int00_noargs"  address: 000031b9


MEMORY CONFIGURATION

         name            origin    length      used     unused   attr    fill
----------------------  --------  ---------  --------  --------  ----  --------
  FLASH                 00000000   00040000  00005f00  0003a100  R  X
  SRAM                  20000000   00008000  0000058c  00007a74  RW X


SEGMENT ALLOCATION MAP

run origin  load origin   length   init length attrs members
----------  ----------- ---------- ----------- ----- -------
00000000    00000000    00005f08   00005f08    r-x
  00000000    00000000    0000026c   0000026c    r-- .intvecs
  0000026c    0000026c    000030c2   000030c2    r-x .text
  00003330    00003330    00002aba   00002aba    r-- .const
  00005df0    00005df0    00000118   00000118    r-- .cinit
20000000    20000000    0000058c   00000000    rw-
  20000000    20000000    00000200   00000000    rw- .stack
  20000200    20000200    000001f8   00000000    rw- .bss
  200003f8    200003f8    00000194   00000000    rw- .data


SECTION ALLOCATION MAP

 output                                  attributes/
section   page    origin      length       input sections
--------  ----  ----------  ----------   ----------------
.intvecs   0    00000000    0000026c     
                  00000000    0000026c     tm4c123gh6pm_startup_ccs.obj (.intvecs)

.text      0    0000026c    000030c2     
                  0000026c    00001e30     fruity_crush.obj (.text)
                  0000209c    00000b00     nokia.obj (.text)
                  00002b9c    00000136     rtsv7M4_T_le_v4SPD16_eabi.lib : fd_div_t2.asm.obj (.text)
                  00002cd2    00000132     driverlib.lib : gpio.obj (.text:GPIOPadConfigSet)
                  00002e04    000000fc     rtsv7M4_T_le_v4SPD16_eabi.lib : fd_mul_t2.asm.obj (.text)
                  00002f00    000000f4     driverlib.lib : sysctl.obj (.text:SysCtlClockSet)
                  00002ff4    0000009c     rtsv7M4_T_le_v4SPD16_eabi.lib : memcpy_t2.asm.obj (.text)
                  00003090    00000068                                   : copy_decompress_lzss.c.obj (.text:decompress:lzss:__TI_decompress_lzss)
                  000030f8    00000048                                   : fd_toi_t2.asm.obj (.text)
                  00003140    00000044                                   : autoinit.c.obj (.text:__TI_auto_init_nobinit_nopinit:__TI_auto_init_nobinit_nopinit)
                  00003184    00000034     driverlib.lib : sysctl.obj (.text:SysCtlPeripheralEnable)
                  000031b8    00000034     rtsv7M4_T_le_v4SPD16_eabi.lib : boot_cortex_m.c.obj (.text:_c_int00_noargs:_c_int00_noargs)
                  000031ec    00000034                                   : rand.c.obj (.text:rand)
                  00003220    0000002e                                   : i_tofd_t2.asm.obj (.text)
                  0000324e    0000002a     driverlib.lib : gpio.obj (.text:GPIODirModeSet)
                  00003278    00000024     rtsv7M4_T_le_v4SPD16_eabi.lib : rand.c.obj (.text:srand)
                  0000329c    00000020     main.obj (.text)
                  000032bc    00000018     driverlib.lib : gpio.obj (.text:GPIOPinTypeGPIOOutput)
                  000032d4    00000012                   : gpio.obj (.text:GPIOPinTypeGPIOInput)
                  000032e6    00000012     rtsv7M4_T_le_v4SPD16_eabi.lib : copy_zero_init.c.obj (.text:decompress:ZI:__TI_zero_init_nomemset:__TI_zero_init_nomemset)
                  000032f8    0000000e                                   : copy_decompress_none.c.obj (.text:decompress:none:__TI_decompress_none)
                  00003306    0000000c     tm4c123gh6pm_startup_ccs.obj (.text)
                  00003312    00000006     driverlib.lib : gpio.obj (.text:GPIOPinRead)
                  00003318    00000006                   : gpio.obj (.text:GPIOPinWrite)
                  0000331e    00000006                   : sysctl.obj (.text:SysCtlDelay)
                  00003324    00000004     rtsv7M4_T_le_v4SPD16_eabi.lib : pre_init.c.obj (.text:_system_pre_init)
                  00003328    00000004                                   : exit.c.obj (.text:abort:abort)
                  0000332c    00000002                                   : _lock.c.obj (.text:_nop)

.const     0    00003330    00002aba     
                  00003330    000001f8     fruity_crush.obj (.const:.string:a)
                  00003528    000001f8     fruity_crush.obj (.const:.string:b)
                  00003720    000001f8     fruity_crush.obj (.const:.string:c)
                  00003918    000001f8     fruity_crush.obj (.const:.string:d)
                  00003b10    000001f8     fruity_crush.obj (.const:.string:e)
                  00003d08    000001f8     fruity_crush.obj (.const:.string:f)
                  00003f00    000001f8     fruity_crush.obj (.const:.string:g)
                  000040f8    000001f8     fruity_crush.obj (.const:.string:h)
                  000042f0    000001f8     fruity_crush.obj (.const:.string:i)
                  000044e8    000001f8     fruity_crush.obj (.const:.string:j)
                  000046e0    000001f8     fruity_crush.obj (.const:.string:k)
                  000048d8    000001f8     fruity_crush.obj (.const:.string:opcoes)
                  00004ad0    000001f8     fruity_crush.obj (.const:.string:primeira_tela)
                  00004cc8    000001f8     fruity_crush.obj (.const:.string:tabuleiro_bitmap)
                  00004ec0    000001f8     fruity_crush.obj (.const:.string:vitoria)
                  000050b8    000001e0     nokia.obj (.const:ASCII)
                  00005298    000001a0     fruity_crush.obj (.const:nivel_num)
                  00005438    000000fc     fruity_crush.obj (.const:.string:atin_pont)
                  00005534    000000fc     fruity_crush.obj (.const:.string:nv_comp)
                  00005630    000000fc     fruity_crush.obj (.const:.string:nv_desb)
                  0000572c    000000fc     fruity_crush.obj (.const:.string:nv_inco)
                  00005828    000000fc     fruity_crush.obj (.const:.string:pont_insu)
                  00005924    000000fc     fruity_crush.obj (.const:.string:recomb)
                  00005a20    000000fc     fruity_crush.obj (.const:.string:sem_comb)
                  00005b1c    00000070     nokia.obj (.const:.string:$P$T0$1)
                  00005b8c    00000040     fruity_crush.obj (.const:$P$T0$1)
                  00005bcc    0000001a     fruity_crush.obj (.const:.string:nivel_bloq)
                  00005be6    00000016     fruity_crush.obj (.const:.string:abacate)
                  00005bfc    00000016     fruity_crush.obj (.const:.string:abacate_i)
                  00005c12    00000016     fruity_crush.obj (.const:.string:abacaxi)
                  00005c28    00000016     fruity_crush.obj (.const:.string:abacaxi_i)
                  00005c3e    00000016     fruity_crush.obj (.const:.string:banana)
                  00005c54    00000016     fruity_crush.obj (.const:.string:banana_i)
                  00005c6a    00000016     fruity_crush.obj (.const:.string:bomb)
                  00005c80    00000016     fruity_crush.obj (.const:.string:cereja)
                  00005c96    00000016     fruity_crush.obj (.const:.string:cereja_i)
                  00005cac    00000016     fruity_crush.obj (.const:.string:coco)
                  00005cc2    00000016     fruity_crush.obj (.const:.string:coco_i)
                  00005cd8    00000016     fruity_crush.obj (.const:.string:horizontal)
                  00005cee    00000016     fruity_crush.obj (.const:.string:maca)
                  00005d04    00000016     fruity_crush.obj (.const:.string:maca_i)
                  00005d1a    00000016     fruity_crush.obj (.const:.string:melancia)
                  00005d30    00000016     fruity_crush.obj (.const:.string:melancia_i)
                  00005d46    00000016     fruity_crush.obj (.const:.string:pop)
                  00005d5c    00000016     fruity_crush.obj (.const:.string:uva)
                  00005d72    00000016     fruity_crush.obj (.const:.string:uva_i)
                  00005d88    00000016     fruity_crush.obj (.const:.string:vertical)
                  00005d9e    00000002     --HOLE-- [fill = 0]
                  00005da0    00000010     fruity_crush.obj (.const:$P$T1$2)
                  00005db0    00000008     nokia.obj (.const:.string:Masks)
                  00005db8    00000005     fruity_crush.obj (.const:.string:cinco)
                  00005dbd    00000005     fruity_crush.obj (.const:.string:dois)
                  00005dc2    00000005     fruity_crush.obj (.const:.string:nove)
                  00005dc7    00000005     fruity_crush.obj (.const:.string:oito)
                  00005dcc    00000005     fruity_crush.obj (.const:.string:quatro)
                  00005dd1    00000005     fruity_crush.obj (.const:.string:seis)
                  00005dd6    00000005     fruity_crush.obj (.const:.string:sete)
                  00005ddb    00000005     fruity_crush.obj (.const:.string:tres)
                  00005de0    00000005     fruity_crush.obj (.const:.string:um)
                  00005de5    00000005     fruity_crush.obj (.const:.string:zero)

.cinit     0    00005df0    00000118     
                  00005df0    000000ee     (.cinit..data.load) [load image, compression = lzss]
                  00005ede    00000002     --HOLE-- [fill = 0]
                  00005ee0    0000000c     (__TI_handler_table)
                  00005eec    00000004     --HOLE-- [fill = 0]
                  00005ef0    00000008     (.cinit..bss.load) [load image, compression = zero_init]
                  00005ef8    00000010     (__TI_cinit_table)

.init_array 
*          0    00000000    00000000     UNINITIALIZED

.bss       0    20000200    000001f8     UNINITIALIZED
                  20000200    000001f8     (.common:Screen)

.data      0    200003f8    00000194     UNINITIALIZED
                  200003f8    00000044     fruity_crush.obj (.data:PONTUACAO_NIVEL)
                  2000043c    00000040     fruity_crush.obj (.data:tabuleiro)
                  2000047c    0000002c     fruity_crush.obj (.data:INSTRUCOES)
                  200004a8    00000028     fruity_crush.obj (.data:numeros)
                  200004d0    00000024     fruity_crush.obj (.data:frutas)
                  200004f4    00000024     fruity_crush.obj (.data:frutas_i)
                  20000518    0000001c     fruity_crush.obj (.data)
                  20000534    00000010     fruity_crush.obj (.data:pinos_c)
                  20000544    00000010     fruity_crush.obj (.data:pinos_l)
                  20000554    00000010     fruity_crush.obj (.data:portal_c)
                  20000564    00000010     fruity_crush.obj (.data:portal_l)
                  20000574    0000000c     fruity_crush.obj (.data:especiais)
                  20000580    00000008     rtsv7M4_T_le_v4SPD16_eabi.lib : _lock.c.obj (.data:$O1$$)
                  20000588    00000004                                   : rand.c.obj (.data)

.stack     0    20000000    00000200     UNINITIALIZED
                  20000000    00000004     rtsv7M4_T_le_v4SPD16_eabi.lib : boot_cortex_m.c.obj (.stack)
                  20000004    000001fc     --HOLE--

MODULE SUMMARY

       Module                         code    ro data   rw data
       ------                         ----    -------   -------
    .\
       fruity_crush.obj               7728    10336     392    
       nokia.obj                      2816    600       504    
       tm4c123gh6pm_startup_ccs.obj   12      620       0      
       main.obj                       32      0         0      
    +--+------------------------------+-------+---------+---------+
       Total:                         10588   11556     896    
                                                               
    C:/ti/TivaWare_C_Series-2.1.4.178/driverlib/ccs/Debug/driverlib.lib
       gpio.obj                       402     0         0      
       sysctl.obj                     302     0         0      
    +--+------------------------------+-------+---------+---------+
       Total:                         704     0         0      
                                                               
    C:\Users\User\Documents\ccs900\ccs\tools\compiler\ti-cgt-arm_18.12.1.LTS\lib\rtsv7M4_T_le_v4SPD16_eabi.lib
       fd_div_t2.asm.obj              310     0         0      
       fd_mul_t2.asm.obj              252     0         0      
       memcpy_t2.asm.obj              156     0         0      
       copy_decompress_lzss.c.obj     104     0         0      
       rand.c.obj                     88      0         4      
       fd_toi_t2.asm.obj              72      0         0      
       autoinit.c.obj                 68      0         0      
       boot_cortex_m.c.obj            52      0         0      
       i_tofd_t2.asm.obj              46      0         0      
       copy_zero_init.c.obj           18      0         0      
       copy_decompress_none.c.obj     14      0         0      
       _lock.c.obj                    2       0         8      
       exit.c.obj                     4       0         0      
       pre_init.c.obj                 4       0         0      
    +--+------------------------------+-------+---------+---------+
       Total:                         1190    0         12     
                                                               
       Stack:                         0       0         512    
       Linker Generated:              0       274       0      
    +--+------------------------------+-------+---------+---------+
       Grand Total:                   12482   11830     1420   


LINKER GENERATED COPY TABLES

__TI_cinit_table @ 00005ef8 records: 2, size/record: 8, table size: 16
	.data: load addr=00005df0, load size=000000ee bytes, run addr=200003f8, run size=00000194 bytes, compression=lzss
	.bss: load addr=00005ef0, load size=00000008 bytes, run addr=20000200, run size=000001f8 bytes, compression=zero_init


LINKER GENERATED HANDLER TABLE

__TI_handler_table @ 00005ee0 records: 3, size/record: 4, table size: 12
	index: 0, handler: __TI_decompress_lzss
	index: 1, handler: __TI_decompress_none
	index: 2, handler: __TI_zero_init


GLOBAL SYMBOLS: SORTED ALPHABETICALLY BY Name 

address   name                          
-------   ----                          
00003329  C$$EXIT                       
0000324f  GPIODirModeSet                
00002cd3  GPIOPadConfigSet              
00003313  GPIOPinRead                   
000032d5  GPIOPinTypeGPIOInput          
000032bd  GPIOPinTypeGPIOOutput         
00003319  GPIOPinWrite                  
2000047c  INSTRUCOES                    
20000528  JOGADAS                       
00005db0  Masks                         
20000520  NIVEL_ATUAL                   
20000524  NIVEL_JOGANDO                 
000024e5  Nokia5110_Clear               
00002741  Nokia5110_ClearBuffer         
00002775  Nokia5110_ClrPxl              
0000276b  Nokia5110_DisplayBuffer       
00002515  Nokia5110_DrawFullImage       
000029eb  Nokia5110_DrawImage           
00002a35  Nokia5110_DrawImage_status    
0000210b  Nokia5110_Init                
00002225  Nokia5110_OutChar             
00002265  Nokia5110_OutString           
00002291  Nokia5110_OutUDec             
0000255d  Nokia5110_PrintBMP            
000027cd  Nokia5110_PrintBMP2           
00002495  Nokia5110_SetCursor           
000027a7  Nokia5110_SetPxl              
00002885  Nokia5110_SetPxl_status       
000028b1  Nokia5110_img                 
00002951  Nokia5110_img_16              
20000518  PONTUACAO                     
200003f8  PONTUACAO_NIVEL               
2000051c  QTD_FRUTAS                    
00003307  ResetISR                      
20000200  Screen                        
00002f01  SysCtlClockSet                
0000331f  SysCtlDelay                   
00003185  SysCtlPeripheralEnable        
00002b6d  VerificaBufferPixel           
20000200  __STACK_END                   
00000200  __STACK_SIZE                  
20000200  __STACK_TOP                   
00005ef8  __TI_CINIT_Base               
00005f08  __TI_CINIT_Limit              
00005ee0  __TI_Handler_Table_Base       
00005eec  __TI_Handler_Table_Limit      
00003141  __TI_auto_init_nobinit_nopinit
00003091  __TI_decompress_lzss          
000032f9  __TI_decompress_none          
ffffffff  __TI_pprof_out_hndl           
ffffffff  __TI_prof_data_size           
ffffffff  __TI_prof_data_start          
00000000  __TI_static_base__            
000032e7  __TI_zero_init_nomemset       
000030f9  __aeabi_d2iz                  
00002b9d  __aeabi_ddiv                  
00002e05  __aeabi_dmul                  
00003221  __aeabi_i2d                   
00002ff5  __aeabi_memcpy                
00002ff5  __aeabi_memcpy4               
00002ff5  __aeabi_memcpy8               
ffffffff  __binit__                     
ffffffff  __c_args__                    
UNDEFED   __mpu_init                    
20000000  __stack                       
000031b9  _c_int00_noargs               
20000580  _lock                         
0000332d  _nop                          
UNDEFED   _system_post_cinit            
00003325  _system_pre_init              
20000584  _unlock                       
00003330  a                             
00005be6  abacate                       
00005bfc  abacate_i                     
00005c12  abacaxi                       
00005c28  abacaxi_i                     
00003329  abort                         
00005438  atin_pont                     
00003528  b                             
00005c3e  banana                        
00005c54  banana_i                      
ffffffff  binit                         
00005c6a  bomb                          
00003720  c                             
00005c80  cereja                        
00005c96  cereja_i                      
000012d1  checagem                      
00005db8  cinco                         
00005cac  coco                          
00005cc2  coco_i                        
00003918  d                             
0000026d  destrava_pino                 
00005dbd  dois                          
00003b10  e                             
20000574  especiais                     
00003d08  f                             
200004d0  frutas                        
200004f4  frutas_i                      
00003f00  g                             
00000000  g_pfnVectors                  
000040f8  h                             
00001511  ha_comb_possiveis             
00000665  ha_combinacao                 
000003c1  ha_troca                      
00000293  habilita_matriz_botoes2       
00005cd8  horizontal                    
000042f0  i                             
00000d6d  imprimir_tabuleiro            
000044e8  j                             
00002025  jogo                          
000046e0  k                             
00005cee  maca                          
00005d04  maca_i                        
0000329d  main                          
00005d1a  melancia                      
00005d30  melancia_i                    
00002ff5  memcpy                        
00005bcc  nivel_bloq                    
00005298  nivel_num                     
00005dc2  nove                          
200004a8  numeros                       
00005534  nv_comp                       
00005630  nv_desb                       
0000572c  nv_inco                       
00005dc7  oito                          
000048d8  opcoes                        
00001d09  partida                       
20000534  pinos_c                       
20000544  pinos_l                       
00005828  pont_insu                     
00005d46  pop                           
20000554  portal_c                      
20000564  portal_l                      
00004ad0  primeira_tela                 
000011d1  qual_botao2                   
00005dcc  quatro                        
000031ed  rand                          
00005924  recomb                        
000002db  renovar_tabuleiro             
00005dd1  seis                          
00005a20  sem_comb                      
00005dd6  sete                          
00001819  setup_nivel                   
00003279  srand                         
2000043c  tabuleiro                     
00004cc8  tabuleiro_bitmap              
00005ddb  tres                          
2000052c  ult_i                         
20000530  ult_j                         
00005de0  um                            
00005d5c  uva                           
00005d72  uva_i                         
00005d88  vertical                      
00004ec0  vitoria                       
00005de5  zero                          


GLOBAL SYMBOLS: SORTED BY Symbol Address 

address   name                          
-------   ----                          
00000000  __TI_static_base__            
00000000  g_pfnVectors                  
00000200  __STACK_SIZE                  
0000026d  destrava_pino                 
00000293  habilita_matriz_botoes2       
000002db  renovar_tabuleiro             
000003c1  ha_troca                      
00000665  ha_combinacao                 
00000d6d  imprimir_tabuleiro            
000011d1  qual_botao2                   
000012d1  checagem                      
00001511  ha_comb_possiveis             
00001819  setup_nivel                   
00001d09  partida                       
00002025  jogo                          
0000210b  Nokia5110_Init                
00002225  Nokia5110_OutChar             
00002265  Nokia5110_OutString           
00002291  Nokia5110_OutUDec             
00002495  Nokia5110_SetCursor           
000024e5  Nokia5110_Clear               
00002515  Nokia5110_DrawFullImage       
0000255d  Nokia5110_PrintBMP            
00002741  Nokia5110_ClearBuffer         
0000276b  Nokia5110_DisplayBuffer       
00002775  Nokia5110_ClrPxl              
000027a7  Nokia5110_SetPxl              
000027cd  Nokia5110_PrintBMP2           
00002885  Nokia5110_SetPxl_status       
000028b1  Nokia5110_img                 
00002951  Nokia5110_img_16              
000029eb  Nokia5110_DrawImage           
00002a35  Nokia5110_DrawImage_status    
00002b6d  VerificaBufferPixel           
00002b9d  __aeabi_ddiv                  
00002cd3  GPIOPadConfigSet              
00002e05  __aeabi_dmul                  
00002f01  SysCtlClockSet                
00002ff5  __aeabi_memcpy                
00002ff5  __aeabi_memcpy4               
00002ff5  __aeabi_memcpy8               
00002ff5  memcpy                        
00003091  __TI_decompress_lzss          
000030f9  __aeabi_d2iz                  
00003141  __TI_auto_init_nobinit_nopinit
00003185  SysCtlPeripheralEnable        
000031b9  _c_int00_noargs               
000031ed  rand                          
00003221  __aeabi_i2d                   
0000324f  GPIODirModeSet                
00003279  srand                         
0000329d  main                          
000032bd  GPIOPinTypeGPIOOutput         
000032d5  GPIOPinTypeGPIOInput          
000032e7  __TI_zero_init_nomemset       
000032f9  __TI_decompress_none          
00003307  ResetISR                      
00003313  GPIOPinRead                   
00003319  GPIOPinWrite                  
0000331f  SysCtlDelay                   
00003325  _system_pre_init              
00003329  C$$EXIT                       
00003329  abort                         
0000332d  _nop                          
00003330  a                             
00003528  b                             
00003720  c                             
00003918  d                             
00003b10  e                             
00003d08  f                             
00003f00  g                             
000040f8  h                             
000042f0  i                             
000044e8  j                             
000046e0  k                             
000048d8  opcoes                        
00004ad0  primeira_tela                 
00004cc8  tabuleiro_bitmap              
00004ec0  vitoria                       
00005298  nivel_num                     
00005438  atin_pont                     
00005534  nv_comp                       
00005630  nv_desb                       
0000572c  nv_inco                       
00005828  pont_insu                     
00005924  recomb                        
00005a20  sem_comb                      
00005bcc  nivel_bloq                    
00005be6  abacate                       
00005bfc  abacate_i                     
00005c12  abacaxi                       
00005c28  abacaxi_i                     
00005c3e  banana                        
00005c54  banana_i                      
00005c6a  bomb                          
00005c80  cereja                        
00005c96  cereja_i                      
00005cac  coco                          
00005cc2  coco_i                        
00005cd8  horizontal                    
00005cee  maca                          
00005d04  maca_i                        
00005d1a  melancia                      
00005d30  melancia_i                    
00005d46  pop                           
00005d5c  uva                           
00005d72  uva_i                         
00005d88  vertical                      
00005db0  Masks                         
00005db8  cinco                         
00005dbd  dois                          
00005dc2  nove                          
00005dc7  oito                          
00005dcc  quatro                        
00005dd1  seis                          
00005dd6  sete                          
00005ddb  tres                          
00005de0  um                            
00005de5  zero                          
00005ee0  __TI_Handler_Table_Base       
00005eec  __TI_Handler_Table_Limit      
00005ef8  __TI_CINIT_Base               
00005f08  __TI_CINIT_Limit              
20000000  __stack                       
20000200  Screen                        
20000200  __STACK_END                   
20000200  __STACK_TOP                   
200003f8  PONTUACAO_NIVEL               
2000043c  tabuleiro                     
2000047c  INSTRUCOES                    
200004a8  numeros                       
200004d0  frutas                        
200004f4  frutas_i                      
20000518  PONTUACAO                     
2000051c  QTD_FRUTAS                    
20000520  NIVEL_ATUAL                   
20000524  NIVEL_JOGANDO                 
20000528  JOGADAS                       
2000052c  ult_i                         
20000530  ult_j                         
20000534  pinos_c                       
20000544  pinos_l                       
20000554  portal_c                      
20000564  portal_l                      
20000574  especiais                     
20000580  _lock                         
20000584  _unlock                       
ffffffff  __TI_pprof_out_hndl           
ffffffff  __TI_prof_data_size           
ffffffff  __TI_prof_data_start          
ffffffff  __binit__                     
ffffffff  __c_args__                    
ffffffff  binit                         
UNDEFED   __mpu_init                    
UNDEFED   _system_post_cinit            

[155 symbols]
